[BEGIN GLOBALS]
a
b
str_1 "BBBBBBBBBBBB"
str_0 "AAAAAAAAAAAA"
[END GLOBALS]
[BEGIN f LOCALS]
[END f LOCALS]
lbl_fun_f:  enter f
            OUTPUT [str_0]
lbl_0:      leave f
[BEGIN g LOCALS]
[END g LOCALS]
lbl_fun_g:  enter g
            OUTPUT [str_1]
lbl_1:      leave g
[BEGIN main LOCALS]
a (formal)
[END main LOCALS]
lbl_main:   enter main
            getarg 1 [a]
            IFZ [b] GOTO lbl_3
            call f
            goto lbl_4
lbl_3:      nop
            call g
lbl_4:      nop
lbl_2:      leave main
